---
source: tests_integration/tests/gba_pid_test.rs
description: "BSN: 999990044"
expression: attributes
---
{
  "urn:eudi:pid:nl:1": {
    [
      "family_name",
    ]: Basic("Maassen"),
    [
      "given_name",
    ]: Basic("Margriet"),
    [
      "birthdate",
    ]: Date("1948-01-17"),
    [
      "age_over_18",
    ]: Basic(true),
    [
      "bsn",
    ]: Basic("999990044"),
  },
  "urn:eudi:pid-address:nl:1": {
    [
      "address",
      "street_address",
    ]: Basic("Laan van Nieuw-Oost-Indiº"),
    [
      "address",
      "house_number",
    ]: Basic("264"),
    [
      "address",
      "postal_code",
    ]: Basic("2252EB"),
    [
      "address",
      "locality",
    ]: Basic("\'s-Gravenhage"),
    [
      "address",
      "country",
    ]: Basic("Nederland"),
  },
}
