---
source: tests_integration/tests/gba_pid_test.rs
assertion_line: 194
description: "BSN: 999993665"
expression: attributes
---
{
  "com.example.pid": {
    [
      "family_name",
    ]: Basic("Verpalen"),
    [
      "given_name",
    ]: Basic("Annemieke"),
    [
      "birth_date",
    ]: Date("1969-12-05"),
    [
      "age_over_18",
    ]: Basic(true),
    [
      "bsn",
    ]: Basic("999993665"),
  },
  "com.example.address": {
    [
      "resident_street",
    ]: Basic("Colensostraat"),
    [
      "resident_house_number",
    ]: Basic("2"),
    [
      "resident_postal_code",
    ]: Basic("2572NR"),
    [
      "resident_city",
    ]: Basic("\'s-Gravenhage"),
    [
      "resident_country",
    ]: Basic("Nederland"),
  },
}
