---
source: tests_integration/tests/gba_pid_test.rs
assertion_line: 172
description: "BSN: 999990196"
expression: attributes
---
given_name:
  String: Anna Maria Petra
family_name:
  String: Wesseling
own_family_name:
  String: Wesseling
gender:
  Gender: Female
birth_date:
  Date: 1945-04-18
age_over_18:
  Boolean: true
has_spouse_or_partner:
  Boolean: false
bsn:
  String: "999990196"
resident_street:
  String: Eemhavenweg
resident_house_number:
  String: "20"
resident_postal_code:
  String: 3089KG
resident_city:
  String: Rotterdam
resident_country:
  String: Nederland
