---
source: tests_integration/tests/gba_pid_test.rs
description: "BSN: 999991292"
expression: attributes
---
{
  "com.example.pid": {
    [
      "family_name",
    ]: "Heijn",
    [
      "given_name",
    ]: "Mirjam",
    [
      "birth_date",
    ]: "1974-03-04",
    [
      "age_over_18",
    ]: true,
    [
      "bsn",
    ]: "999991292",
  },
  "com.example.address": {
    [
      "resident_street",
    ]: "Eemhavenweg",
    [
      "resident_house_number",
    ]: "14",
    [
      "resident_postal_code",
    ]: "3089KG",
    [
      "resident_city",
    ]: "Rotterdam",
    [
      "resident_country",
    ]: "Nederland",
  },
}
