---
source: tests_integration/tests/gba_pid_test.rs
description: "BSN: 999998341"
expression: attributes
---
{
  "urn:eudi:pid:nl:1": {
    [
      "family_name",
    ]: Basic("Arendsen"),
    [
      "given_name",
    ]: Basic("Alicia"),
    [
      "birthdate",
    ]: Date("2014-04-01"),
    [
      "age_over_18",
    ]: Basic(false),
    [
      "bsn",
    ]: Basic("999998341"),
  },
  "urn:eudi:pid-address:nl:1": {
    [
      "address",
      "street_address",
    ]: Basic("Turfmarkt"),
    [
      "address",
      "house_number",
    ]: Basic("1"),
    [
      "address",
      "postal_code",
    ]: Basic("2511CA"),
    [
      "address",
      "locality",
    ]: Basic("\'s-Gravenhage"),
    [
      "address",
      "country",
    ]: Basic("Nederland"),
  },
}
