---
source: tests_integration/tests/gba_pid_test.rs
description: "BSN: 999991772"
expression: attributes
---
{
  "urn:eudi:pid:nl:1": {
    [
      "family_name",
    ]: Basic("Jansen"),
    [
      "given_name",
    ]: Basic("Frouke"),
    [
      "birthdate",
    ]: Date("2000-03-24"),
    [
      "age_over_18",
    ]: Basic(true),
    [
      "bsn",
    ]: Basic("999991772"),
  },
  "urn:eudi:pid-address:nl:1": {
    [
      "address",
      "street_address",
    ]: Basic("Groenewoudsedijk"),
    [
      "address",
      "house_number",
    ]: Basic("51"),
    [
      "address",
      "postal_code",
    ]: Basic("3528BG"),
    [
      "address",
      "locality",
    ]: Basic("Utrecht"),
    [
      "address",
      "country",
    ]: Basic("Nederland"),
  },
}
