---
source: tests_integration/tests/gba_pid_test.rs
assertion_line: 194
description: "BSN: 999991000"
expression: attributes
---
{
  "com.example.pid": {
    [
      "family_name",
    ]: Basic("voor in \'t Coetzee"),
    [
      "given_name",
    ]: Basic("Liselotte-Anne Daniëlle Celèste Elise 26 Avril Stéphane Maroni jr. Isiah dé Maria de las Mercedes Rosalía J\'adore Grace a Dieu Rhiannon San-che-he-ray Lou\'Lou Elona L\'vovna d\'Alessandra Ariëlle"),
    [
      "birth_date",
    ]: Date("1990-07-07"),
    [
      "age_over_18",
    ]: Basic(true),
    [
      "bsn",
    ]: Basic("999991000"),
  },
  "com.example.address": {
    [
      "resident_street",
    ]: Basic("Arlandaweg"),
    [
      "resident_house_number",
    ]: Basic("14"),
    [
      "resident_postal_code",
    ]: Basic("1043EW"),
    [
      "resident_city",
    ]: Basic("Amsterdam"),
    [
      "resident_country",
    ]: Basic("Nederland"),
  },
}
