---
source: tests_integration/tests/gba_pid_test.rs
assertion_line: 194
description: "BSN: 999990160"
expression: attributes
---
{
  "com.example.pid": {
    [
      "family_name",
    ]: Basic("den Brinck"),
    [
      "given_name",
    ]: Basic("Hendrik Jan Coenraad Maurits"),
    [
      "birth_date",
    ]: Date("1971-12-13"),
    [
      "age_over_18",
    ]: Basic(true),
    [
      "bsn",
    ]: Basic("999990160"),
  },
  "com.example.address": {
    [
      "resident_street",
    ]: Basic("St.-Jacobsstraat"),
    [
      "resident_house_number",
    ]: Basic("1"),
    [
      "resident_postal_code",
    ]: Basic("3511BR"),
    [
      "resident_city",
    ]: Basic("Utrecht"),
    [
      "resident_country",
    ]: Basic("Nederland"),
  },
}
