---
source: tests_integration/tests/gba_pid_test.rs
description: "BSN: 999994785"
expression: attributes
---
{
  "urn:eudi:pid:nl:1": {
    [
      "family_name",
    ]: Basic("Jansen"),
    [
      "given_name",
    ]: Basic("Anita"),
    [
      "birthdate",
    ]: Date("1971-01-01"),
    [
      "age_over_18",
    ]: Basic(true),
    [
      "bsn",
    ]: Basic("999994785"),
  },
  "urn:eudi:pid-address:nl:1": {
    [
      "address",
      "street_address",
    ]: Basic("Leyweg"),
    [
      "address",
      "house_number",
    ]: Basic("1485"),
    [
      "address",
      "postal_code",
    ]: Basic("2548AE"),
    [
      "address",
      "locality",
    ]: Basic("\'s-Gravenhage"),
    [
      "address",
      "country",
    ]: Basic("Nederland"),
  },
}
