---
source: tests_integration/tests/gba_pid_test.rs
description: "BSN: 999997646"
expression: attributes
---
{
  "com.example.pid": {
    [
      "family_name",
    ]: "de Vries",
    [
      "given_name",
    ]: "Jan",
    [
      "birth_date",
    ]: "1935-05-05",
    [
      "age_over_18",
    ]: true,
    [
      "bsn",
    ]: "999997646",
  },
  "com.example.address": {
    [
      "resident_street",
    ]: "Domstraat",
    [
      "resident_house_number",
    ]: "4",
    [
      "resident_postal_code",
    ]: "3512JB",
    [
      "resident_city",
    ]: "Utrecht",
    [
      "resident_country",
    ]: "Nederland",
  },
}
