---
source: tests_integration/tests/gba_pid_test.rs
assertion_line: 194
description: "BSN: 999992983"
expression: attributes
---
{
  "com.example.pid": {
    [
      "family_name",
    ]: Basic("Dobbelsteen"),
    [
      "given_name",
    ]: Basic("Mina"),
    [
      "birth_date",
    ]: Date("1999-03-05"),
    [
      "age_over_18",
    ]: Basic(true),
    [
      "bsn",
    ]: Basic("999992983"),
  },
  "com.example.address": {
    [
      "resident_street",
    ]: Basic("Poolsestraat"),
    [
      "resident_house_number",
    ]: Basic("36"),
    [
      "resident_postal_code",
    ]: Basic("3028EN"),
    [
      "resident_city",
    ]: Basic("Rotterdam"),
    [
      "resident_country",
    ]: Basic("Nederland"),
  },
}
