---
source: tests_integration/tests/gba_pid_test.rs
assertion_line: 194
description: "BSN: 999993409"
expression: attributes
---
{
  "com.example.pid": {
    [
      "family_name",
    ]: Basic("Kouwenhoven"),
    [
      "given_name",
    ]: Basic("Thea"),
    [
      "birth_date",
    ]: Date("1951-11-17"),
    [
      "age_over_18",
    ]: Basic(true),
    [
      "bsn",
    ]: Basic("999993409"),
  },
  "com.example.address": {
    [
      "resident_street",
    ]: Basic("Zuiderparklaan"),
    [
      "resident_house_number",
    ]: Basic("12"),
    [
      "resident_postal_code",
    ]: Basic("2574HK"),
    [
      "resident_city",
    ]: Basic("\'s-Gravenhage"),
    [
      "resident_country",
    ]: Basic("Nederland"),
  },
}
