---
source: tests_integration/tests/gba_pid_test.rs
description: "BSN: 999991000"
expression: attributes
---
{
  "urn:eudi:pid:nl:1": {
    [
      "family_name",
    ]: Basic("voor in \'t Coetzee"),
    [
      "given_name",
    ]: Basic("Liselotte-Anne Daniëlle Celèste Elise 26 Avril Stéphane Maroni jr. Isiah dé Maria de las Mercedes Rosalía J\'adore Grace a Dieu Rhiannon San-che-he-ray Lou\'Lou Elona L\'vovna d\'Alessandra Ariëlle"),
    [
      "birthdate",
    ]: Date("1990-07-07"),
    [
      "age_over_18",
    ]: Basic(true),
    [
      "bsn",
    ]: Basic("999991000"),
  },
  "urn:eudi:pid-address:nl:1": {
    [
      "address",
      "street_address",
    ]: Basic("Arlandaweg"),
    [
      "address",
      "house_number",
    ]: Basic("14"),
    [
      "address",
      "postal_code",
    ]: Basic("1043EW"),
    [
      "address",
      "locality",
    ]: Basic("Amsterdam"),
    [
      "address",
      "country",
    ]: Basic("Nederland"),
  },
}
