---
source: tests_integration/tests/gba_pid_test.rs
description: "BSN: 999997749"
expression: attributes
---
{
  "com.example.pid": {
    [
      "family_name",
    ]: "Rood",
    [
      "given_name",
    ]: "Dennis",
    [
      "birth_date",
    ]: "2003-07-02",
    [
      "age_over_18",
    ]: true,
    [
      "bsn",
    ]: "999997749",
  },
  "com.example.address": {
    [
      "resident_street",
    ]: "Eemstein",
    [
      "resident_house_number",
    ]: "21",
    [
      "resident_postal_code",
    ]: "3073KA",
    [
      "resident_city",
    ]: "Rotterdam",
    [
      "resident_country",
    ]: "Nederland",
  },
}
