---
source: tests_integration/tests/gba_pid_test.rs
assertion_line: 171
description: "BSN: 999992065"
expression: attributes
---
given_name:
  String: Horatio
family_name:
  String: Bultenaar
own_family_name:
  String: Bultenaar
gender:
  Gender: Male
birth_date:
  Date: 2007-01-25
age_over_18:
  Boolean: false
has_spouse_or_partner:
  Boolean: false
bsn:
  String: "999992065"
resident_street:
  String: Deltaplein
resident_house_number:
  String: "200"
resident_postal_code:
  String: 2554EJ
resident_city:
  String: "'s-Gravenhage"
resident_country:
  String: Nederland
