---
source: tests_integration/tests/gba_pid_test.rs
description: "BSN: 999991644"
expression: attributes
---
{
  "com.example.pid": {
    [
      "family_name",
    ]: "Bakker",
    [
      "given_name",
    ]: "Petrus Wilhelmus Adrianus",
    [
      "birth_date",
    ]: "1956-08-01",
    [
      "age_over_18",
    ]: true,
    [
      "bsn",
    ]: "999991644",
  },
  "com.example.address": {
    [
      "resident_street",
    ]: "Ruychrocklaan",
    [
      "resident_house_number",
    ]: "4",
    [
      "resident_postal_code",
    ]: "2597EN",
    [
      "resident_city",
    ]: "\'s-Gravenhage",
    [
      "resident_country",
    ]: "Nederland",
  },
}
