---
source: tests_integration/tests/gba_pid_test.rs
assertion_line: 194
description: "BSN: 999997713"
expression: attributes
---
{
  "com.example.pid": {
    [
      "family_name",
    ]: Basic("Verbeek"),
    [
      "given_name",
    ]: Basic("Shireen"),
    [
      "birth_date",
    ]: Date("2000-10-08"),
    [
      "age_over_18",
    ]: Basic(true),
    [
      "bsn",
    ]: Basic("999997713"),
  },
  "com.example.address": {
    [
      "resident_street",
    ]: Basic("Europaboulevard"),
    [
      "resident_house_number",
    ]: Basic("1"),
    [
      "resident_postal_code",
    ]: Basic("1079PC"),
    [
      "resident_city",
    ]: Basic("Amsterdam"),
    [
      "resident_country",
    ]: Basic("Nederland"),
  },
}
