---
source: tests_integration/tests/gba_pid_test.rs
description: "BSN: 999997634"
expression: attributes
---
{
  "com.example.pid": {
    [
      "family_name",
    ]: "Wybenga",
    [
      "given_name",
    ]: "Fedde",
    [
      "birth_date",
    ]: "1990-12-01",
    [
      "age_over_18",
    ]: true,
    [
      "bsn",
    ]: "999997634",
  },
  "com.example.address": {
    [
      "resident_street",
    ]: "Tsjerkepaed",
    [
      "resident_house_number",
    ]: "6",
    [
      "resident_postal_code",
    ]: "9178GN",
    [
      "resident_city",
    ]: "Wânswert",
    [
      "resident_country",
    ]: "Nederland",
  },
}
