---
source: tests_integration/tests/gba_pid_test.rs
description: "BSN: 999997634"
expression: attributes
---
{
  "urn:eudi:pid:nl:1": {
    [
      "family_name",
    ]: Basic("Wybenga"),
    [
      "given_name",
    ]: Basic("Fedde"),
    [
      "birthdate",
    ]: Date("1990-12-01"),
    [
      "age_over_18",
    ]: Basic(true),
    [
      "bsn",
    ]: Basic("999997634"),
  },
  "urn:eudi:pid-address:nl:1": {
    [
      "address",
      "street_address",
    ]: Basic("Tsjerkepaed"),
    [
      "address",
      "house_number",
    ]: Basic("6"),
    [
      "address",
      "postal_code",
    ]: Basic("9178GN"),
    [
      "address",
      "locality",
    ]: Basic("Wânswert"),
    [
      "address",
      "country",
    ]: Basic("Nederland"),
  },
}
