---
source: tests_integration/tests/gba_pid_test.rs
description: "BSN: 999990627"
expression: attributes
---
{
  "urn:eudi:pid:nl:1": {
    [
      "family_name",
    ]: Basic("Janssen"),
    [
      "given_name",
    ]: Basic("Stephan"),
    [
      "birthdate",
    ]: Date("1975-04-06"),
    [
      "age_over_18",
    ]: Basic(true),
    [
      "bsn",
    ]: Basic("999990627"),
  },
  "urn:eudi:pid-address:nl:1": {
    [
      "address",
      "street_address",
    ]: Basic("Mandelaplein"),
    [
      "address",
      "house_number",
    ]: Basic("2"),
    [
      "address",
      "postal_code",
    ]: Basic("2572HT"),
    [
      "address",
      "locality",
    ]: Basic("\'s-Gravenhage"),
    [
      "address",
      "country",
    ]: Basic("Nederland"),
  },
}
