---
source: tests_integration/tests/gba_pid_test.rs
assertion_line: 194
description: "BSN: 010755561"
expression: attributes
---
{
  "com.example.pid": {
    [
      "family_name",
    ]: Basic("Koolmees"),
    [
      "given_name",
    ]: Basic("Karel"),
    [
      "birth_date",
    ]: Date("2001-12-31"),
    [
      "age_over_18",
    ]: Basic(true),
    [
      "bsn",
    ]: Basic("010755561"),
  },
  "com.example.address": {
    [
      "resident_street",
    ]: Basic("Trompenburgstraat"),
    [
      "resident_house_number",
    ]: Basic("2"),
    [
      "resident_postal_code",
    ]: Basic("1079TX"),
    [
      "resident_city",
    ]: Basic("Amsterdam"),
    [
      "resident_country",
    ]: Basic("Nederland"),
  },
}
