---
source: tests_integration/tests/gba_pid_test.rs
assertion_line: 224
description: "BSN: 999997646"
expression: attributes
---
given_name:
  String: Jan
family_name:
  String: de Vries
own_family_name:
  String: de Vries
gender:
  Gender: Male
birth_date:
  Date: 1935-05-05
age_over_18:
  Boolean: true
has_spouse_or_partner:
  Boolean: false
bsn:
  String: "999997646"
resident_street:
  String: Domstraat
resident_house_number:
  String: "4"
resident_postal_code:
  String: 3512JB
resident_city:
  String: Utrecht
resident_country:
  String: Nederland
