---
source: tests_integration/tests/gba_pid_test.rs
description: "BSN: 999991243"
expression: attributes
---
{
  "com.example.pid": {
    [
      "family_name",
    ]: "Zaal",
    [
      "given_name",
    ]: "Remi",
    [
      "birth_date",
    ]: "2002-02-02",
    [
      "age_over_18",
    ]: true,
    [
      "bsn",
    ]: "999991243",
  },
  "com.example.address": {
    [
      "resident_street",
    ]: "Johan de Wittlaan",
    [
      "resident_house_number",
    ]: "22",
    [
      "resident_postal_code",
    ]: "2517JR",
    [
      "resident_city",
    ]: "\'s-Gravenhage",
    [
      "resident_country",
    ]: "Nederland",
  },
}
