---
source: tests_integration/tests/gba_pid_test.rs
assertion_line: 194
description: "BSN: 999991292"
expression: attributes
---
{
  "com.example.pid": {
    [
      "family_name",
    ]: Basic("Heijn"),
    [
      "given_name",
    ]: Basic("Mirjam"),
    [
      "birth_date",
    ]: Date("1974-03-04"),
    [
      "age_over_18",
    ]: Basic(true),
    [
      "bsn",
    ]: Basic("999991292"),
  },
  "com.example.address": {
    [
      "resident_street",
    ]: Basic("Eemhavenweg"),
    [
      "resident_house_number",
    ]: Basic("14"),
    [
      "resident_postal_code",
    ]: Basic("3089KG"),
    [
      "resident_city",
    ]: Basic("Rotterdam"),
    [
      "resident_country",
    ]: Basic("Nederland"),
  },
}
