---
source: tests_integration/tests/gba_pid_test.rs
description: "BSN: 999990500"
expression: attributes
---
{
  "urn:eudi:pid:nl:1": {
    [
      "family_name",
    ]: Basic("Prins"),
    [
      "given_name",
    ]: Basic("Paula"),
    [
      "birthdate",
    ]: Date("1962-05-28"),
    [
      "age_over_18",
    ]: Basic(true),
    [
      "bsn",
    ]: Basic("999990500"),
  },
  "urn:eudi:pid-address:nl:1": {
    [
      "address",
      "street_address",
    ]: Basic("Looijerstraat"),
    [
      "address",
      "house_number",
    ]: Basic("13"),
    [
      "address",
      "postal_code",
    ]: Basic("2512CK"),
    [
      "address",
      "locality",
    ]: Basic("\'s-Gravenhage"),
    [
      "address",
      "country",
    ]: Basic("Nederland"),
  },
}
