---
source: tests_integration/tests/gba_pid_test.rs
assertion_line: 172
description: "BSN: 999993446"
expression: attributes
---
given_name:
  String: Henk
family_name:
  String: Vermolen
own_family_name:
  String: Vermolen
gender:
  Gender: Male
birth_date:
  Date: 1940-06-16
age_over_18:
  Boolean: true
has_spouse_or_partner:
  Boolean: false
bsn:
  String: "999993446"
resident_street:
  String: Eemhavenweg
resident_house_number:
  String: "20"
resident_postal_code:
  String: 3089KG
resident_city:
  String: Rotterdam
resident_country:
  String: Nederland
