---
source: tests_integration/tests/gba_pid_test.rs
description: "BSN: 999990160"
expression: attributes
---
{
  "com.example.pid": {
    [
      "family_name",
    ]: "den Brinck",
    [
      "given_name",
    ]: "Hendrik Jan Coenraad Maurits",
    [
      "birth_date",
    ]: "1971-12-13",
    [
      "age_over_18",
    ]: true,
    [
      "bsn",
    ]: "999990160",
  },
  "com.example.address": {
    [
      "resident_street",
    ]: "St.-Jacobsstraat",
    [
      "resident_house_number",
    ]: "1",
    [
      "resident_postal_code",
    ]: "3511BR",
    [
      "resident_city",
    ]: "Utrecht",
    [
      "resident_country",
    ]: "Nederland",
  },
}
