---
source: tests_integration/tests/gba_pid_test.rs
assertion_line: 194
description: "BSN: 999991577"
expression: attributes
---
{
  "com.example.pid": {
    [
      "family_name",
    ]: Basic("Bultenaar"),
    [
      "given_name",
    ]: Basic("Berend"),
    [
      "birth_date",
    ]: Date("2005-01-23"),
    [
      "age_over_18",
    ]: Basic(true),
    [
      "bsn",
    ]: Basic("999991577"),
  },
  "com.example.address": {
    [
      "resident_street",
    ]: Basic("Oude Haagweg"),
    [
      "resident_house_number",
    ]: Basic("575"),
    [
      "resident_postal_code",
    ]: Basic("2552GJ"),
    [
      "resident_city",
    ]: Basic("\'s-Gravenhage"),
    [
      "resident_country",
    ]: Basic("Nederland"),
  },
}
