---
source: tests_integration/tests/gba_pid_test.rs
assertion_line: 171
description: "BSN: 999994359"
expression: attributes
---
given_name:
  String: Jules
family_name:
  String: Lapidaire
own_family_name:
  String: Lapidaire
gender:
  Gender: Male
birth_date:
  Date: 1946-04-12
age_over_18:
  Boolean: true
has_spouse_or_partner:
  Boolean: false
bsn:
  String: "999994359"
resident_street:
  String: Eemhavenweg
resident_house_number:
  String: "44"
resident_postal_code:
  String: 3089KH
resident_city:
  String: Rotterdam
resident_country:
  String: Nederland
