---
source: tests_integration/tests/gba_pid_test.rs
description: "BSN: 999993446"
expression: attributes
---
{
  "urn:eudi:pid:nl:1": {
    [
      "family_name",
    ]: Basic("Vermolen"),
    [
      "given_name",
    ]: Basic("Henk"),
    [
      "birthdate",
    ]: Date("1940-06-16"),
    [
      "age_over_18",
    ]: Basic(true),
    [
      "bsn",
    ]: Basic("999993446"),
  },
  "urn:eudi:pid-address:nl:1": {
    [
      "address",
      "street_address",
    ]: Basic("Eemhavenweg"),
    [
      "address",
      "house_number",
    ]: Basic("20"),
    [
      "address",
      "postal_code",
    ]: Basic("3089KG"),
    [
      "address",
      "locality",
    ]: Basic("Rotterdam"),
    [
      "address",
      "country",
    ]: Basic("Nederland"),
  },
}
