---
source: tests_integration/tests/gba_pid_test.rs
description: "BSN: 999997671"
expression: attributes
---
{
  "com.example.pid": {
    [
      "family_name",
    ]: "Gooijer",
    [
      "given_name",
    ]: "Frances",
    [
      "birth_date",
    ]: "1995-06-01",
    [
      "age_over_18",
    ]: true,
    [
      "bsn",
    ]: "999997671",
  },
  "com.example.address": {
    [
      "resident_street",
    ]: "Amsterdamsestraatweg",
    [
      "resident_house_number",
    ]: "710",
    [
      "resident_postal_code",
    ]: "3555HX",
    [
      "resident_city",
    ]: "Utrecht",
    [
      "resident_country",
    ]: "Nederland",
  },
}
