---
source: tests_integration/tests/gba_pid_test.rs
description: "BSN: 000009878"
expression: attributes
---
{
  "com.example.pid": {
    [
      "family_name",
    ]: "Derks",
    [
      "given_name",
    ]: "Hendrik",
    [
      "birth_date",
    ]: "1967-04-04",
    [
      "age_over_18",
    ]: true,
    [
      "bsn",
    ]: "000009878",
  },
  "com.example.address": {
    [
      "resident_street",
    ]: "Eemhavenweg",
    [
      "resident_house_number",
    ]: "18",
    [
      "resident_postal_code",
    ]: "3089KG",
    [
      "resident_city",
    ]: "Rotterdam",
    [
      "resident_country",
    ]: "Nederland",
  },
}
