---
source: tests_integration/tests/gba_pid_test.rs
description: "BSN: 999990871"
expression: attributes
---
{
  "com.example.pid": {
    [
      "family_name",
    ]: "Vornowski",
    [
      "given_name",
    ]: "Petri",
    [
      "birth_date",
    ]: "1994-07-04",
    [
      "age_over_18",
    ]: true,
    [
      "bsn",
    ]: "999990871",
  },
  "com.example.address": {
    [
      "resident_street",
    ]: "Prinsengracht",
    [
      "resident_house_number",
    ]: "27",
    [
      "resident_postal_code",
    ]: "2512EW",
    [
      "resident_city",
    ]: "\'s-Gravenhage",
    [
      "resident_country",
    ]: "Nederland",
  },
}
