---
source: tests_integration/tests/gba_pid_test.rs
assertion_line: 194
description: "BSN: 999991772"
expression: attributes
---
{
  "com.example.pid": {
    [
      "family_name",
    ]: Basic("Jansen"),
    [
      "given_name",
    ]: Basic("Frouke"),
    [
      "birth_date",
    ]: Date("2000-03-24"),
    [
      "age_over_18",
    ]: Basic(true),
    [
      "bsn",
    ]: Basic("999991772"),
  },
  "com.example.address": {
    [
      "resident_street",
    ]: Basic("Groenewoudsedijk"),
    [
      "resident_house_number",
    ]: Basic("51"),
    [
      "resident_postal_code",
    ]: Basic("3528BG"),
    [
      "resident_city",
    ]: Basic("Utrecht"),
    [
      "resident_country",
    ]: Basic("Nederland"),
  },
}
