---
source: tests_integration/tests/gba_pid_test.rs
assertion_line: 172
description: "BSN: 999993215"
expression: attributes
---
given_name:
  String: Bernard
family_name:
  String: Schoon
own_family_name:
  String: Schoon
gender:
  Gender: Male
birth_date:
  Date: 1971-07-28
age_over_18:
  Boolean: true
has_spouse_or_partner:
  Boolean: true
bsn:
  String: "999993215"
resident_street:
  String: Polderweg
resident_house_number:
  String: "92"
resident_postal_code:
  String: 1093KP
resident_city:
  String: Amsterdam
resident_country:
  String: Nederland
