---
source: tests_integration/tests/gba_pid_test.rs
assertion_line: 194
description: "BSN: 999994542"
expression: attributes
---
{
  "com.example.pid": {
    [
      "family_name",
    ]: Basic("den Braber"),
    [
      "given_name",
    ]: Basic("Gerrit"),
    [
      "birth_date",
    ]: Date("1968-03-18"),
    [
      "age_over_18",
    ]: Basic(true),
    [
      "bsn",
    ]: Basic("999994542"),
  },
  "com.example.address": {
    [
      "resident_street",
    ]: Basic("Schakelstraat"),
    [
      "resident_house_number",
    ]: Basic("14"),
    [
      "resident_postal_code",
    ]: Basic("1014AW"),
    [
      "resident_city",
    ]: Basic("Amsterdam"),
    [
      "resident_country",
    ]: Basic("Nederland"),
  },
}
