---
source: tests_integration/tests/gba_pid_test.rs
assertion_line: 194
description: "BSN: 999991243"
expression: attributes
---
{
  "com.example.pid": {
    [
      "family_name",
    ]: Basic("Zaal"),
    [
      "given_name",
    ]: Basic("Remi"),
    [
      "birth_date",
    ]: Date("2002-02-02"),
    [
      "age_over_18",
    ]: Basic(true),
    [
      "bsn",
    ]: Basic("999991243"),
  },
  "com.example.address": {
    [
      "resident_street",
    ]: Basic("Johan de Wittlaan"),
    [
      "resident_house_number",
    ]: Basic("22"),
    [
      "resident_postal_code",
    ]: Basic("2517JR"),
    [
      "resident_city",
    ]: Basic("\'s-Gravenhage"),
    [
      "resident_country",
    ]: Basic("Nederland"),
  },
}
