---
source: tests_integration/tests/gba_pid_test.rs
description: "BSN: 999990196"
expression: attributes
---
{
  "com.example.pid": {
    [
      "family_name",
    ]: "Wesseling",
    [
      "given_name",
    ]: "Anna Maria Petra",
    [
      "birth_date",
    ]: "1945-04-18",
    [
      "age_over_18",
    ]: true,
    [
      "bsn",
    ]: "999990196",
  },
  "com.example.address": {
    [
      "resident_street",
    ]: "Eemhavenweg",
    [
      "resident_house_number",
    ]: "20",
    [
      "resident_postal_code",
    ]: "3089KG",
    [
      "resident_city",
    ]: "Rotterdam",
    [
      "resident_country",
    ]: "Nederland",
  },
}
