---
source: tests_integration/tests/gba_pid_test.rs
description: "BSN: 999994359"
expression: attributes
---
{
  "com.example.pid": {
    [
      "family_name",
    ]: "Lapidaire",
    [
      "given_name",
    ]: "Jules",
    [
      "birth_date",
    ]: "1946-04-12",
    [
      "age_over_18",
    ]: true,
    [
      "bsn",
    ]: "999994359",
  },
  "com.example.address": {
    [
      "resident_street",
    ]: "Eemhavenweg",
    [
      "resident_house_number",
    ]: "44",
    [
      "resident_postal_code",
    ]: "3089KH",
    [
      "resident_city",
    ]: "Rotterdam",
    [
      "resident_country",
    ]: "Nederland",
  },
}
