---
source: tests_integration/tests/gba_pid_test.rs
assertion_line: 194
description: "BSN: 999990871"
expression: attributes
---
{
  "com.example.pid": {
    [
      "family_name",
    ]: Basic("Vornowski"),
    [
      "given_name",
    ]: Basic("Petri"),
    [
      "birth_date",
    ]: Date("1994-07-04"),
    [
      "age_over_18",
    ]: Basic(true),
    [
      "bsn",
    ]: Basic("999990871"),
  },
  "com.example.address": {
    [
      "resident_street",
    ]: Basic("Prinsengracht"),
    [
      "resident_house_number",
    ]: Basic("27"),
    [
      "resident_postal_code",
    ]: Basic("2512EW"),
    [
      "resident_city",
    ]: Basic("\'s-Gravenhage"),
    [
      "resident_country",
    ]: Basic("Nederland"),
  },
}
