---
source: tests_integration/tests/gba_pid_test.rs
description: "BSN: 999993409"
expression: attributes
---
{
  "urn:eudi:pid:nl:1": {
    [
      "family_name",
    ]: Basic("Kouwenhoven"),
    [
      "given_name",
    ]: Basic("Thea"),
    [
      "birthdate",
    ]: Date("1951-11-17"),
    [
      "age_over_18",
    ]: Basic(true),
    [
      "bsn",
    ]: Basic("999993409"),
  },
  "urn:eudi:pid-address:nl:1": {
    [
      "address",
      "street_address",
    ]: Basic("Zuiderparklaan"),
    [
      "address",
      "house_number",
    ]: Basic("12"),
    [
      "address",
      "postal_code",
    ]: Basic("2574HK"),
    [
      "address",
      "locality",
    ]: Basic("\'s-Gravenhage"),
    [
      "address",
      "country",
    ]: Basic("Nederland"),
  },
}
