---
source: tests_integration/tests/gba_pid_test.rs
assertion_line: 171
description: "BSN: 999991401"
expression: attributes
---
given_name:
  String: Janus
family_name:
  String: Bloothooft
own_family_name:
  String: Bloothooft
gender:
  Gender: Male
birth_date:
  Date: 1960-05-06
age_over_18:
  Boolean: true
has_spouse_or_partner:
  Boolean: false
bsn:
  String: "999991401"
resident_street:
  String: Eemhavenweg
resident_house_number:
  String: "10"
resident_postal_code:
  String: 3089KG
resident_city:
  String: Rotterdam
resident_country:
  String: Nederland
