---
source: tests_integration/tests/gba_pid_test.rs
assertion_line: 194
description: "BSN: 999997750"
expression: attributes
---
{
  "com.example.pid": {
    [
      "family_name",
    ]: Basic("Pinto"),
    [
      "given_name",
    ]: Basic("Siny Rose"),
    [
      "birth_date",
    ]: Date("1980-03-12"),
    [
      "age_over_18",
    ]: Basic(true),
    [
      "bsn",
    ]: Basic("999997750"),
  },
  "com.example.address": {
    [
      "resident_street",
    ]: Basic("Eemstein"),
    [
      "resident_house_number",
    ]: Basic("21"),
    [
      "resident_postal_code",
    ]: Basic("3073KA"),
    [
      "resident_city",
    ]: Basic("Rotterdam"),
    [
      "resident_country",
    ]: Basic("Nederland"),
  },
}
