---
source: tests_integration/tests/gba_pid_test.rs
description: "BSN: 999992065"
expression: attributes
---
{
  "com.example.pid": {
    [
      "family_name",
    ]: "Bultenaar",
    [
      "given_name",
    ]: "Horatio",
    [
      "birth_date",
    ]: "2007-01-25",
    [
      "age_over_18",
    ]: true,
    [
      "bsn",
    ]: "999992065",
  },
  "com.example.address": {
    [
      "resident_street",
    ]: "Oude Haagweg",
    [
      "resident_house_number",
    ]: "575",
    [
      "resident_postal_code",
    ]: "2552GJ",
    [
      "resident_city",
    ]: "\'s-Gravenhage",
    [
      "resident_country",
    ]: "Nederland",
  },
}
