---
source: tests_integration/tests/gba_pid_test.rs
assertion_line: 194
description: "BSN: 999991814"
expression: attributes
---
{
  "com.example.pid": {
    [
      "family_name",
    ]: Basic("de Bever"),
    [
      "given_name",
    ]: Basic("Martinus"),
    [
      "birth_date",
    ]: Date("1960-10-01"),
    [
      "age_over_18",
    ]: Basic(true),
    [
      "bsn",
    ]: Basic("999991814"),
  },
  "com.example.address": {
    [
      "resident_street",
    ]: Basic("Eemhavenweg"),
    [
      "resident_house_number",
    ]: Basic("42"),
    [
      "resident_postal_code",
    ]: Basic("9089KH"),
    [
      "resident_city",
    ]: Basic("Rotterdam"),
    [
      "resident_country",
    ]: Basic("Nederland"),
  },
}
