---
source: tests_integration/tests/gba_pid_test.rs
assertion_line: 194
description: "BSN: 000009842"
expression: attributes
---
{
  "com.example.pid": {
    [
      "family_name",
    ]: Basic("Sahakian"),
    [
      "given_name",
    ]: Basic("Artem"),
    [
      "birth_date",
    ]: Date("1993-10-08"),
    [
      "age_over_18",
    ]: Basic(true),
    [
      "bsn",
    ]: Basic("000009842"),
  },
  "com.example.address": {
    [
      "resident_street",
    ]: Basic("Koningskade"),
    [
      "resident_house_number",
    ]: Basic("4"),
    [
      "resident_postal_code",
    ]: Basic("2596AA"),
    [
      "resident_city",
    ]: Basic("\'s-Gravenhage"),
    [
      "resident_country",
    ]: Basic("Nederland"),
  },
}
