---
source: tests_integration/tests/gba_pid_test.rs
description: "BSN: 999994761"
expression: attributes
---
{
  "urn:eudi:pid:nl:1": {
    [
      "family_name",
    ]: Basic("Blok"),
    [
      "given_name",
    ]: Basic("Jean-Marie"),
    [
      "birthdate",
    ]: Date("1985-03-17"),
    [
      "age_over_18",
    ]: Basic(true),
    [
      "bsn",
    ]: Basic("999994761"),
  },
  "urn:eudi:pid-address:nl:1": {
    [
      "address",
      "street_address",
    ]: Basic("Oostduinlaan"),
    [
      "address",
      "house_number",
    ]: Basic("50"),
    [
      "address",
      "postal_code",
    ]: Basic("2596JP"),
    [
      "address",
      "locality",
    ]: Basic("\'s-Gravenhage"),
    [
      "address",
      "country",
    ]: Basic("Nederland"),
  },
}
