---
source: tests_integration/tests/gba_pid_test.rs
description: "BSN: 999993598"
expression: attributes
---
{
  "urn:eudi:pid:nl:1": {
    [
      "family_name",
    ]: Basic("Wullaert"),
    [
      "given_name",
    ]: Basic("Tessa"),
    [
      "birthdate",
    ]: Date("1950-01-01"),
    [
      "age_over_18",
    ]: Basic(true),
    [
      "bsn",
    ]: Basic("999993598"),
  },
  "urn:eudi:pid-address:nl:1": {
    [
      "address",
      "street_address",
    ]: Basic("Laan Copes van Cattenburch"),
    [
      "address",
      "house_number",
    ]: Basic("38"),
    [
      "address",
      "postal_code",
    ]: Basic("2585GB"),
    [
      "address",
      "locality",
    ]: Basic("\'s-Gravenhage"),
    [
      "address",
      "country",
    ]: Basic("Nederland"),
  },
}
