---
source: tests_integration/tests/gba_pid_test.rs
assertion_line: 225
description: "BSN: 999997749"
expression: attributes
---
given_name:
  String: Dennis
family_name:
  String: Rood
own_family_name:
  String: Rood
gender:
  Gender: Male
birth_date:
  Date: 2003-07-02
age_over_18:
  Boolean: true
has_spouse_or_partner:
  Boolean: false
bsn:
  String: "999997749"
resident_street:
  String: Eemstein
resident_house_number:
  String: "21"
resident_postal_code:
  String: 3073KA
resident_city:
  String: Rotterdam
resident_country:
  String: Nederland
