---
source: tests_integration/tests/gba_pid_test.rs
description: "BSN: 999991814"
expression: attributes
---
{
  "com.example.pid": {
    [
      "family_name",
    ]: "de Bever",
    [
      "given_name",
    ]: "Martinus",
    [
      "birth_date",
    ]: "1960-10-01",
    [
      "age_over_18",
    ]: true,
    [
      "bsn",
    ]: "999991814",
  },
  "com.example.address": {
    [
      "resident_street",
    ]: "Eemhavenweg",
    [
      "resident_house_number",
    ]: "42",
    [
      "resident_postal_code",
    ]: "9089KH",
    [
      "resident_city",
    ]: "Rotterdam",
    [
      "resident_country",
    ]: "Nederland",
  },
}
