---
source: tests_integration/tests/gba_pid_test.rs
assertion_line: 194
description: "BSN: 999992533"
expression: attributes
---
{
  "com.example.pid": {
    [
      "family_name",
    ]: Basic("de Jager"),
    [
      "given_name",
    ]: Basic("Hera"),
    [
      "birth_date",
    ]: Date("2001-12-31"),
    [
      "age_over_18",
    ]: Basic(true),
    [
      "bsn",
    ]: Basic("999992533"),
  },
  "com.example.address": {
    [
      "resident_street",
    ]: Basic("Leyweg"),
    [
      "resident_house_number",
    ]: Basic("1485"),
    [
      "resident_postal_code",
    ]: Basic("2548AE"),
    [
      "resident_city",
    ]: Basic("\'s-Gravenhage"),
    [
      "resident_country",
    ]: Basic("Nederland"),
  },
}
