---
source: tests_integration/tests/gba_pid_test.rs
assertion_line: 194
description: "BSN: 999992880"
expression: attributes
---
{
  "com.example.pid": {
    [
      "family_name",
    ]: Basic("Muis"),
    [
      "given_name",
    ]: Basic("Mieke"),
    [
      "birth_date",
    ]: Date("1949-05-16"),
    [
      "age_over_18",
    ]: Basic(true),
    [
      "bsn",
    ]: Basic("999992880"),
  },
  "com.example.address": {
    [
      "resident_street",
    ]: Basic("Eemhavenweg"),
    [
      "resident_house_number",
    ]: Basic("20"),
    [
      "resident_postal_code",
    ]: Basic("3089KG"),
    [
      "resident_city",
    ]: Basic("Rotterdam"),
    [
      "resident_country",
    ]: Basic("Nederland"),
  },
}
