---
source: tests_integration/tests/gba_pid_test.rs
description: "BSN: 999990159"
expression: attributes
---
{
  "urn:eudi:pid:nl:1": {
    [
      "family_name",
    ]: Basic("Kortum"),
    [
      "given_name",
    ]: Basic("Niklas"),
    [
      "birthdate",
    ]: Date("1950-09-19"),
    [
      "age_over_18",
    ]: Basic(true),
    [
      "bsn",
    ]: Basic("999990159"),
  },
  "urn:eudi:pid-address:nl:1": {
    [
      "address",
      "street_address",
    ]: Basic("Laan Copes van Cattenburch"),
    [
      "address",
      "house_number",
    ]: Basic("38"),
    [
      "address",
      "postal_code",
    ]: Basic("2585GB"),
    [
      "address",
      "locality",
    ]: Basic("\'s-Gravenhage"),
    [
      "address",
      "country",
    ]: Basic("Nederland"),
  },
}
