---
source: tests_integration/tests/gba_pid_test.rs
assertion_line: 194
description: "BSN: 999991802"
expression: attributes
---
{
  "com.example.pid": {
    [
      "family_name",
    ]: Basic("in \'t Veld"),
    [
      "given_name",
    ]: Basic("Frans"),
    [
      "birth_date",
    ]: Date("1990-09-20"),
    [
      "age_over_18",
    ]: Basic(true),
    [
      "bsn",
    ]: Basic("999991802"),
  },
  "com.example.address": {
    [
      "resident_street",
    ]: Basic("Hunzestraat"),
    [
      "resident_house_number",
    ]: Basic("87"),
    [
      "resident_postal_code",
    ]: Basic("1079VW"),
    [
      "resident_city",
    ]: Basic("Amsterdam"),
    [
      "resident_country",
    ]: Basic("Nederland"),
  },
}
