---
source: tests_integration/tests/gba_pid_test.rs
assertion_line: 194
description: "BSN: 999997646"
expression: attributes
---
{
  "com.example.pid": {
    [
      "family_name",
    ]: Basic("de Vries"),
    [
      "given_name",
    ]: Basic("Jan"),
    [
      "birth_date",
    ]: Date("1935-05-05"),
    [
      "age_over_18",
    ]: Basic(true),
    [
      "bsn",
    ]: Basic("999997646"),
  },
  "com.example.address": {
    [
      "resident_street",
    ]: Basic("Domstraat"),
    [
      "resident_house_number",
    ]: Basic("4"),
    [
      "resident_postal_code",
    ]: Basic("3512JB"),
    [
      "resident_city",
    ]: Basic("Utrecht"),
    [
      "resident_country",
    ]: Basic("Nederland"),
  },
}
