---
source: tests_integration/tests/gba_pid_test.rs
description: "BSN: 999990160"
expression: attributes
---
{
  "urn:eudi:pid:nl:1": {
    [
      "family_name",
    ]: Basic("den Brinck"),
    [
      "given_name",
    ]: Basic("Hendrik Jan Coenraad Maurits"),
    [
      "birthdate",
    ]: Date("1971-12-13"),
    [
      "age_over_18",
    ]: Basic(true),
    [
      "bsn",
    ]: Basic("999990160"),
  },
  "urn:eudi:pid-address:nl:1": {
    [
      "address",
      "street_address",
    ]: Basic("St.-Jacobsstraat"),
    [
      "address",
      "house_number",
    ]: Basic("1"),
    [
      "address",
      "postal_code",
    ]: Basic("3511BR"),
    [
      "address",
      "locality",
    ]: Basic("Utrecht"),
    [
      "address",
      "country",
    ]: Basic("Nederland"),
  },
}
