---
source: tests_integration/tests/gba_pid_test.rs
assertion_line: 194
description: "BSN: 999997671"
expression: attributes
---
{
  "com.example.pid": {
    [
      "family_name",
    ]: Basic("Gooijer"),
    [
      "given_name",
    ]: Basic("Frances"),
    [
      "birth_date",
    ]: Date("1995-06-01"),
    [
      "age_over_18",
    ]: Basic(true),
    [
      "bsn",
    ]: Basic("999997671"),
  },
  "com.example.address": {
    [
      "resident_street",
    ]: Basic("Amsterdamsestraatweg"),
    [
      "resident_house_number",
    ]: Basic("710"),
    [
      "resident_postal_code",
    ]: Basic("3555HX"),
    [
      "resident_city",
    ]: Basic("Utrecht"),
    [
      "resident_country",
    ]: Basic("Nederland"),
  },
}
