---
source: tests_integration/tests/gba_pid_test.rs
description: "BSN: 999997701"
expression: attributes
---
{
  "com.example.pid": {
    [
      "family_name",
    ]: "Meerman",
    [
      "given_name",
    ]: "Lars",
    [
      "birth_date",
    ]: "1965-11-12",
    [
      "age_over_18",
    ]: true,
    [
      "bsn",
    ]: "999997701",
  },
  "com.example.address": {
    [
      "resident_street",
    ]: "Thorbeckelaan",
    [
      "resident_house_number",
    ]: "16",
    [
      "resident_postal_code",
    ]: "3552CS",
    [
      "resident_city",
    ]: "Utrecht",
    [
      "resident_country",
    ]: "Nederland",
  },
}
