---
source: tests_integration/tests/gba_pid_test.rs
description: "BSN: 999992636"
expression: attributes
---
{
  "com.example.pid": {
    [
      "family_name",
    ]: "Larussen",
    [
      "given_name",
    ]: "Bruno",
    [
      "birth_date",
    ]: "2001-01-23",
    [
      "age_over_18",
    ]: true,
    [
      "bsn",
    ]: "999992636",
  },
  "com.example.address": {
    [
      "resident_street",
    ]: "Plataanlaan",
    [
      "resident_house_number",
    ]: "4",
    [
      "resident_postal_code",
    ]: "3224TT",
    [
      "resident_city",
    ]: "Hellevoetsluis",
    [
      "resident_country",
    ]: "Nederland",
  },
}
