---
source: tests_integration/tests/gba_pid_test.rs
description: "BSN: 999991747"
expression: attributes
---
{
  "com.example.pid": {
    [
      "family_name",
    ]: "Bilgiç",
    [
      "given_name",
    ]: "Ayse",
    [
      "birth_date",
    ]: "1990-03-31",
    [
      "age_over_18",
    ]: true,
    [
      "bsn",
    ]: "999991747",
  },
  "com.example.address": {
    [
      "resident_street",
    ]: "Polderweg",
    [
      "resident_house_number",
    ]: "92",
    [
      "resident_postal_code",
    ]: "1093KP",
    [
      "resident_city",
    ]: "Amsterdam",
    [
      "resident_country",
    ]: "Nederland",
  },
}
