---
source: tests_integration/tests/gba_pid_test.rs
description: "BSN: 999991838"
expression: attributes
---
{
  "com.example.pid": {
    [
      "family_name",
    ]: "Braveheart",
    [
      "given_name",
    ]: "Patrick",
    [
      "birth_date",
    ]: "1993-12-26",
    [
      "age_over_18",
    ]: true,
    [
      "bsn",
    ]: "999991838",
  },
  "com.example.address": {
    [
      "resident_street",
    ]: "Slaghekstraat",
    [
      "resident_house_number",
    ]: "5",
    [
      "resident_postal_code",
    ]: "3074LA",
    [
      "resident_city",
    ]: "Rotterdam",
    [
      "resident_country",
    ]: "Nederland",
  },
}
