---
source: tests_integration/tests/gba_pid_test.rs
assertion_line: 194
description: "BSN: 999997695"
expression: attributes
---
{
  "com.example.pid": {
    [
      "family_name",
    ]: Basic("Meerman"),
    [
      "given_name",
    ]: Basic("Kevin Sander"),
    [
      "birth_date",
    ]: Date("2000-06-06"),
    [
      "age_over_18",
    ]: Basic(true),
    [
      "bsn",
    ]: Basic("999997695"),
  },
  "com.example.address": {
    [
      "resident_street",
    ]: Basic("Thorbeckelaan"),
    [
      "resident_house_number",
    ]: Basic("16"),
    [
      "resident_postal_code",
    ]: Basic("3552CS"),
    [
      "resident_city",
    ]: Basic("Utrecht"),
    [
      "resident_country",
    ]: Basic("Nederland"),
  },
}
