---
source: tests_integration/tests/gba_pid_test.rs
assertion_line: 194
description: "BSN: 999991838"
expression: attributes
---
{
  "com.example.pid": {
    [
      "family_name",
    ]: Basic("Braveheart"),
    [
      "given_name",
    ]: Basic("Patrick"),
    [
      "birth_date",
    ]: Date("1993-12-26"),
    [
      "age_over_18",
    ]: Basic(true),
    [
      "bsn",
    ]: Basic("999991838"),
  },
  "com.example.address": {
    [
      "resident_street",
    ]: Basic("Slaghekstraat"),
    [
      "resident_house_number",
    ]: Basic("5"),
    [
      "resident_postal_code",
    ]: Basic("3074LA"),
    [
      "resident_city",
    ]: Basic("Rotterdam"),
    [
      "resident_country",
    ]: Basic("Nederland"),
  },
}
