---
source: tests_integration/tests/gba_pid_test.rs
description: "BSN: 999997725"
expression: attributes
---
{
  "com.example.pid": {
    [
      "family_name",
    ]: "Verbeek",
    [
      "given_name",
    ]: "Beatrijs",
    [
      "birth_date",
    ]: "1978-02-01",
    [
      "age_over_18",
    ]: true,
    [
      "bsn",
    ]: "999997725",
  },
  "com.example.address": {
    [
      "resident_street",
    ]: "Europaboulevard",
    [
      "resident_house_number",
    ]: "1",
    [
      "resident_postal_code",
    ]: "1079PC",
    [
      "resident_city",
    ]: "Amsterdam",
    [
      "resident_country",
    ]: "Nederland",
  },
}
