---
source: tests_integration/tests/gba_pid_test.rs
assertion_line: 193
description: "BSN: 999991772"
expression: attributes
---
given_name:
  String: Frouke
family_name:
  String: Jansen
own_family_name:
  String: Jansen
gender:
  Gender: Female
birth_date:
  Date: 2000-03-24
age_over_18:
  Boolean: true
has_spouse_or_partner:
  Boolean: false
bsn:
  String: "999991772"
resident_street:
  String: Groenewoudsedijk
resident_house_number:
  String: "51"
resident_postal_code:
  String: 3528BG
resident_city:
  String: Utrecht
resident_country:
  String: Nederland
