---
source: tests_integration/tests/gba_pid_test.rs
description: "BSN: 999993598"
expression: attributes
---
{
  "com.example.pid": {
    [
      "family_name",
    ]: "Wullaert",
    [
      "given_name",
    ]: "Tessa",
    [
      "birth_date",
    ]: "1950-01-01",
    [
      "age_over_18",
    ]: true,
    [
      "bsn",
    ]: "999993598",
  },
  "com.example.address": {
    [
      "resident_street",
    ]: "Laan Copes van Cattenburch",
    [
      "resident_house_number",
    ]: "38",
    [
      "resident_postal_code",
    ]: "2585GB",
    [
      "resident_city",
    ]: "\'s-Gravenhage",
    [
      "resident_country",
    ]: "Nederland",
  },
}
