---
source: tests_integration/tests/gba_pid_test.rs
description: "BSN: 999991243"
expression: attributes
---
{
  "urn:eudi:pid:nl:1": {
    [
      "family_name",
    ]: Basic("Zaal"),
    [
      "given_name",
    ]: Basic("Remi"),
    [
      "birthdate",
    ]: Date("2002-02-02"),
    [
      "age_over_18",
    ]: Basic(true),
    [
      "bsn",
    ]: Basic("999991243"),
  },
  "urn:eudi:pid-address:nl:1": {
    [
      "address",
      "street_address",
    ]: Basic("Johan de Wittlaan"),
    [
      "address",
      "house_number",
    ]: Basic("22"),
    [
      "address",
      "postal_code",
    ]: Basic("2517JR"),
    [
      "address",
      "locality",
    ]: Basic("\'s-Gravenhage"),
    [
      "address",
      "country",
    ]: Basic("Nederland"),
  },
}
