---
source: tests_integration/tests/gba_pid_test.rs
assertion_line: 192
description: "BSN: 999997725"
expression: attributes
---
given_name:
  String: Beatrijs
family_name:
  String: Verbeek
own_family_name:
  String: Verbeek
gender:
  Gender: Female
birth_date:
  Date: 1978-02-01
age_over_18:
  Boolean: true
has_spouse_or_partner:
  Boolean: false
bsn:
  String: "999997725"
resident_street:
  String: Europaboulevard
resident_house_number:
  String: "1"
resident_postal_code:
  String: 1079PC
resident_city:
  String: Amsterdam
resident_country:
  String: Nederland
