---
source: tests_integration/tests/gba_pid_test.rs
description: "BSN: 999991577"
expression: attributes
---
{
  "urn:eudi:pid:nl:1": {
    [
      "family_name",
    ]: Basic("Bultenaar"),
    [
      "given_name",
    ]: Basic("Berend"),
    [
      "birthdate",
    ]: Date("2005-01-23"),
    [
      "age_over_18",
    ]: Basic(true),
    [
      "bsn",
    ]: Basic("999991577"),
  },
  "urn:eudi:pid-address:nl:1": {
    [
      "address",
      "street_address",
    ]: Basic("Oude Haagweg"),
    [
      "address",
      "house_number",
    ]: Basic("575"),
    [
      "address",
      "postal_code",
    ]: Basic("2552GJ"),
    [
      "address",
      "locality",
    ]: Basic("\'s-Gravenhage"),
    [
      "address",
      "country",
    ]: Basic("Nederland"),
  },
}
