---
source: tests_integration/tests/gba_pid_test.rs
assertion_line: 188
description: "BSN: 999994359"
expression: attributes
---
{
  "com.example.pid__given_name": String("Jules"),
  "com.example.pid__family_name": String("Lapidaire"),
  "com.example.pid__birth_date": Date("1946-04-12"),
  "com.example.pid__age_over_18": Boolean(true),
  "com.example.pid__bsn": String("999994359"),
  "com.example.address__resident_street": String("Eemhavenweg"),
  "com.example.address__resident_house_number": String("44"),
  "com.example.address__resident_postal_code": String("3089KH"),
  "com.example.address__resident_city": String("Rotterdam"),
  "com.example.address__resident_country": String("Nederland"),
}
