---
source: tests_integration/tests/gba_pid_test.rs
description: "BSN: 999990871"
expression: attributes
---
{
  "urn:eudi:pid:nl:1": {
    [
      "family_name",
    ]: Basic("Vornowski"),
    [
      "given_name",
    ]: Basic("Petri"),
    [
      "birthdate",
    ]: Date("1994-07-04"),
    [
      "age_over_18",
    ]: Basic(true),
    [
      "bsn",
    ]: Basic("999990871"),
  },
  "urn:eudi:pid-address:nl:1": {
    [
      "address",
      "street_address",
    ]: Basic("Prinsengracht"),
    [
      "address",
      "house_number",
    ]: Basic("27"),
    [
      "address",
      "postal_code",
    ]: Basic("2512EW"),
    [
      "address",
      "locality",
    ]: Basic("\'s-Gravenhage"),
    [
      "address",
      "country",
    ]: Basic("Nederland"),
  },
}
