---
source: tests_integration/tests/gba_pid_test.rs
assertion_line: 172
description: "BSN: 999990044"
expression: attributes
---
given_name:
  String: Margriet
family_name:
  String: Maassen
own_family_name:
  String: Maassen
gender:
  Gender: Female
birth_date:
  Date: 1948-01-17
age_over_18:
  Boolean: true
has_spouse_or_partner:
  Boolean: false
bsn:
  String: "999990044"
resident_street:
  String: Laan van Nieuw-Oost-Indiº
resident_house_number:
  String: "264"
resident_postal_code:
  String: 2252EB
resident_city:
  String: "'s-Gravenhage"
resident_country:
  String: Nederland
