---
source: tests_integration/tests/gba_pid_test.rs
description: "BSN: 999994931"
expression: attributes
---
{
  "com.example.pid": {
    [
      "family_name",
    ]: "de Jager",
    [
      "given_name",
    ]: "Jan",
    [
      "birth_date",
    ]: "1970-12-01",
    [
      "age_over_18",
    ]: true,
    [
      "bsn",
    ]: "999994931",
  },
  "com.example.address": {
    [
      "resident_street",
    ]: "Leyweg",
    [
      "resident_house_number",
    ]: "1485",
    [
      "resident_postal_code",
    ]: "2548AE",
    [
      "resident_city",
    ]: "\'s-Gravenhage",
    [
      "resident_country",
    ]: "Nederland",
  },
}
