---
source: tests_integration/tests/gba_pid_test.rs
description: "BSN: 010245741"
expression: attributes
---
{
  "urn:eudi:pid:nl:1": {
    [
      "family_name",
    ]: Basic("Koolmees"),
    [
      "given_name",
    ]: Basic("Karin"),
    [
      "birthdate",
    ]: Date("2000-10-31"),
    [
      "age_over_18",
    ]: Basic(true),
    [
      "bsn",
    ]: Basic("010245741"),
  },
  "urn:eudi:pid-address:nl:1": {
    [
      "address",
      "street_address",
    ]: Basic("Trompenburgstraat"),
    [
      "address",
      "house_number",
    ]: Basic("2"),
    [
      "address",
      "postal_code",
    ]: Basic("1079TX"),
    [
      "address",
      "locality",
    ]: Basic("Amsterdam"),
    [
      "address",
      "country",
    ]: Basic("Nederland"),
  },
}
