---
source: tests_integration/tests/gba_pid_test.rs
description: "BSN: 999993409"
expression: attributes
---
{
  "com.example.pid": {
    [
      "family_name",
    ]: "Kouwenhoven",
    [
      "given_name",
    ]: "Thea",
    [
      "birth_date",
    ]: "1951-11-17",
    [
      "age_over_18",
    ]: true,
    [
      "bsn",
    ]: "999993409",
  },
  "com.example.address": {
    [
      "resident_street",
    ]: "Zuiderparklaan",
    [
      "resident_house_number",
    ]: "12",
    [
      "resident_postal_code",
    ]: "2574HK",
    [
      "resident_city",
    ]: "\'s-Gravenhage",
    [
      "resident_country",
    ]: "Nederland",
  },
}
