---
source: tests_integration/tests/gba_pid_test.rs
assertion_line: 194
description: "BSN: 999990627"
expression: attributes
---
{
  "com.example.pid": {
    [
      "family_name",
    ]: Basic("Janssen"),
    [
      "given_name",
    ]: Basic("Stephan"),
    [
      "birth_date",
    ]: Date("1975-04-06"),
    [
      "age_over_18",
    ]: Basic(true),
    [
      "bsn",
    ]: Basic("999990627"),
  },
  "com.example.address": {
    [
      "resident_street",
    ]: Basic("Mandelaplein"),
    [
      "resident_house_number",
    ]: Basic("2"),
    [
      "resident_postal_code",
    ]: Basic("2572HT"),
    [
      "resident_city",
    ]: Basic("\'s-Gravenhage"),
    [
      "resident_country",
    ]: Basic("Nederland"),
  },
}
