---
source: tests_integration/tests/gba_pid_test.rs
description: "BSN: 999990500"
expression: attributes
---
{
  "com.example.pid": {
    [
      "family_name",
    ]: "Prins",
    [
      "given_name",
    ]: "Paula",
    [
      "birth_date",
    ]: "1962-05-28",
    [
      "age_over_18",
    ]: true,
    [
      "bsn",
    ]: "999990500",
  },
  "com.example.address": {
    [
      "resident_street",
    ]: "Looijerstraat",
    [
      "resident_house_number",
    ]: "13",
    [
      "resident_postal_code",
    ]: "2512CK",
    [
      "resident_city",
    ]: "\'s-Gravenhage",
    [
      "resident_country",
    ]: "Nederland",
  },
}
