---
source: tests_integration/tests/gba_pid_test.rs
description: "BSN: 999991644"
expression: attributes
---
{
  "urn:eudi:pid:nl:1": {
    [
      "family_name",
    ]: Basic("Bakker"),
    [
      "given_name",
    ]: Basic("Petrus Wilhelmus Adrianus"),
    [
      "birthdate",
    ]: Date("1956-08-01"),
    [
      "age_over_18",
    ]: Basic(true),
    [
      "bsn",
    ]: Basic("999991644"),
  },
  "urn:eudi:pid-address:nl:1": {
    [
      "address",
      "street_address",
    ]: Basic("Ruychrocklaan"),
    [
      "address",
      "house_number",
    ]: Basic("4"),
    [
      "address",
      "postal_code",
    ]: Basic("2597EN"),
    [
      "address",
      "locality",
    ]: Basic("\'s-Gravenhage"),
    [
      "address",
      "country",
    ]: Basic("Nederland"),
  },
}
