---
source: tests_integration/tests/gba_pid_test.rs
description: "BSN: 999992569"
expression: attributes
---
{
  "com.example.pid": {
    [
      "family_name",
    ]: "Krul",
    [
      "given_name",
    ]: "Jeannette",
    [
      "birth_date",
    ]: "1967-02-08",
    [
      "age_over_18",
    ]: true,
    [
      "bsn",
    ]: "999992569",
  },
  "com.example.address": {
    [
      "resident_street",
    ]: "Eemhavenweg",
    [
      "resident_house_number",
    ]: "10",
    [
      "resident_postal_code",
    ]: "3089KG",
    [
      "resident_city",
    ]: "Rotterdam",
    [
      "resident_country",
    ]: "Nederland",
  },
}
