---
source: tests_integration/tests/gba_pid_test.rs
description: "BSN: 999992983"
expression: attributes
---
{
  "com.example.pid": {
    [
      "family_name",
    ]: "Dobbelsteen",
    [
      "given_name",
    ]: "Mina",
    [
      "birth_date",
    ]: "1999-03-05",
    [
      "age_over_18",
    ]: true,
    [
      "bsn",
    ]: "999992983",
  },
  "com.example.address": {
    [
      "resident_street",
    ]: "Poolsestraat",
    [
      "resident_house_number",
    ]: "36",
    [
      "resident_postal_code",
    ]: "3028EN",
    [
      "resident_city",
    ]: "Rotterdam",
    [
      "resident_country",
    ]: "Nederland",
  },
}
