---
source: tests_integration/tests/gba_pid_test.rs
description: "BSN: 999997725"
expression: attributes
---
{
  "urn:eudi:pid:nl:1": {
    [
      "family_name",
    ]: Basic("Verbeek"),
    [
      "given_name",
    ]: Basic("Beatrijs"),
    [
      "birthdate",
    ]: Date("1978-02-01"),
    [
      "age_over_18",
    ]: Basic(true),
    [
      "bsn",
    ]: Basic("999997725"),
  },
  "urn:eudi:pid-address:nl:1": {
    [
      "address",
      "street_address",
    ]: Basic("Europaboulevard"),
    [
      "address",
      "house_number",
    ]: Basic("1"),
    [
      "address",
      "postal_code",
    ]: Basic("1079PC"),
    [
      "address",
      "locality",
    ]: Basic("Amsterdam"),
    [
      "address",
      "country",
    ]: Basic("Nederland"),
  },
}
