---
source: tests_integration/tests/gba_pid_test.rs
description: "BSN: 999993665"
expression: attributes
---
{
  "com.example.pid": {
    [
      "family_name",
    ]: "Verpalen",
    [
      "given_name",
    ]: "Annemieke",
    [
      "birth_date",
    ]: "1969-12-05",
    [
      "age_over_18",
    ]: true,
    [
      "bsn",
    ]: "999993665",
  },
  "com.example.address": {
    [
      "resident_street",
    ]: "Colensostraat",
    [
      "resident_house_number",
    ]: "2",
    [
      "resident_postal_code",
    ]: "2572NR",
    [
      "resident_city",
    ]: "\'s-Gravenhage",
    [
      "resident_country",
    ]: "Nederland",
  },
}
