---
source: tests_integration/tests/gba_pid_test.rs
description: "BSN: 999991747"
expression: attributes
---
{
  "urn:eudi:pid:nl:1": {
    [
      "family_name",
    ]: Basic("Bilgiç"),
    [
      "given_name",
    ]: Basic("Ayse"),
    [
      "birthdate",
    ]: Date("1990-03-31"),
    [
      "age_over_18",
    ]: Basic(true),
    [
      "bsn",
    ]: Basic("999991747"),
  },
  "urn:eudi:pid-address:nl:1": {
    [
      "address",
      "street_address",
    ]: Basic("Polderweg"),
    [
      "address",
      "house_number",
    ]: Basic("92"),
    [
      "address",
      "postal_code",
    ]: Basic("1093KP"),
    [
      "address",
      "locality",
    ]: Basic("Amsterdam"),
    [
      "address",
      "country",
    ]: Basic("Nederland"),
  },
}
