---
source: tests_integration/tests/gba_pid_test.rs
description: "BSN: 999994542"
expression: attributes
---
{
  "com.example.pid": {
    [
      "family_name",
    ]: "den Braber",
    [
      "given_name",
    ]: "Gerrit",
    [
      "birth_date",
    ]: "1968-03-18",
    [
      "age_over_18",
    ]: true,
    [
      "bsn",
    ]: "999994542",
  },
  "com.example.address": {
    [
      "resident_street",
    ]: "Schakelstraat",
    [
      "resident_house_number",
    ]: "14",
    [
      "resident_postal_code",
    ]: "1014AW",
    [
      "resident_city",
    ]: "Amsterdam",
    [
      "resident_country",
    ]: "Nederland",
  },
}
