---
source: tests_integration/tests/gba_pid_test.rs
assertion_line: 194
description: "BSN: 999993811"
expression: attributes
---
{
  "com.example.pid": {
    [
      "family_name",
    ]: Basic("Brandweer"),
    [
      "given_name",
    ]: Basic("Babette"),
    [
      "birth_date",
    ]: Date("1980-01-23"),
    [
      "age_over_18",
    ]: Basic(true),
    [
      "bsn",
    ]: Basic("999993811"),
  },
  "com.example.address": {
    [
      "resident_street",
    ]: Basic("Plataanlaan"),
    [
      "resident_house_number",
    ]: Basic("4"),
    [
      "resident_postal_code",
    ]: Basic("3224TT"),
    [
      "resident_city",
    ]: Basic("Hellevoetsluis"),
    [
      "resident_country",
    ]: Basic("Nederland"),
  },
}
