---
source: tests_integration/tests/gba_pid_test.rs
assertion_line: 194
description: "BSN: 999992569"
expression: attributes
---
{
  "com.example.pid": {
    [
      "family_name",
    ]: Basic("Krul"),
    [
      "given_name",
    ]: Basic("Jeannette"),
    [
      "birth_date",
    ]: Date("1967-02-08"),
    [
      "age_over_18",
    ]: Basic(true),
    [
      "bsn",
    ]: Basic("999992569"),
  },
  "com.example.address": {
    [
      "resident_street",
    ]: Basic("Eemhavenweg"),
    [
      "resident_house_number",
    ]: Basic("10"),
    [
      "resident_postal_code",
    ]: Basic("3089KG"),
    [
      "resident_city",
    ]: Basic("Rotterdam"),
    [
      "resident_country",
    ]: Basic("Nederland"),
  },
}
