---
source: tests_integration/tests/gba_pid_test.rs
assertion_line: 194
description: "BSN: 999992958"
expression: attributes
---
{
  "com.example.pid": {
    [
      "family_name",
    ]: Basic("van Buren"),
    [
      "given_name",
    ]: Basic("Anita"),
    [
      "birth_date",
    ]: Date("1969-12-15"),
    [
      "age_over_18",
    ]: Basic(true),
    [
      "bsn",
    ]: Basic("999992958"),
  },
  "com.example.address": {
    [
      "resident_street",
    ]: Basic("Bijlmerplein"),
    [
      "resident_house_number",
    ]: Basic("550"),
    [
      "resident_postal_code",
    ]: Basic("1102DS"),
    [
      "resident_city",
    ]: Basic("Amsterdam"),
    [
      "resident_country",
    ]: Basic("Nederland"),
  },
}
