---
source: tests_integration/tests/gba_pid_test.rs
description: "BSN: 999992636"
expression: attributes
---
{
  "urn:eudi:pid:nl:1": {
    [
      "family_name",
    ]: Basic("Larussen"),
    [
      "given_name",
    ]: Basic("Bruno"),
    [
      "birthdate",
    ]: Date("2001-01-23"),
    [
      "age_over_18",
    ]: Basic(true),
    [
      "bsn",
    ]: Basic("999992636"),
  },
  "urn:eudi:pid-address:nl:1": {
    [
      "address",
      "street_address",
    ]: Basic("Plataanlaan"),
    [
      "address",
      "house_number",
    ]: Basic("4"),
    [
      "address",
      "postal_code",
    ]: Basic("3224TT"),
    [
      "address",
      "locality",
    ]: Basic("Hellevoetsluis"),
    [
      "address",
      "country",
    ]: Basic("Nederland"),
  },
}
