---
source: tests_integration/tests/gba_pid_test.rs
description: "BSN: 999998353"
expression: attributes
---
{
  "com.example.pid": {
    [
      "family_name",
    ]: "Arendsen",
    [
      "given_name",
    ]: "Xander",
    [
      "birth_date",
    ]: "2015-12-01",
    [
      "age_over_18",
    ]: false,
    [
      "bsn",
    ]: "999998353",
  },
  "com.example.address": {
    [
      "resident_street",
    ]: "Turfmarkt",
    [
      "resident_house_number",
    ]: "1",
    [
      "resident_postal_code",
    ]: "2511CA",
    [
      "resident_city",
    ]: "\'s-Gravenhage",
    [
      "resident_country",
    ]: "Nederland",
  },
}
