---
source: tests_integration/tests/gba_pid_test.rs
assertion_line: 192
description: "BSN: 999997671"
expression: attributes
---
given_name:
  String: Frances
family_name:
  String: Gooijer
own_family_name:
  String: Gooijer
gender:
  Gender: Female
birth_date:
  Date: 1995-06-01
age_over_18:
  Boolean: true
has_spouse_or_partner:
  Boolean: false
bsn:
  String: "999997671"
resident_street:
  String: Amsterdamsestraatweg
resident_house_number:
  String: "710"
resident_postal_code:
  String: 3555HX
resident_city:
  String: Utrecht
resident_country:
  String: Nederland
