---
source: tests_integration/tests/gba_pid_test.rs
assertion_line: 194
description: "BSN: 999997634"
expression: attributes
---
{
  "com.example.pid": {
    [
      "family_name",
    ]: Basic("Wybenga"),
    [
      "given_name",
    ]: Basic("Fedde"),
    [
      "birth_date",
    ]: Date("1990-12-01"),
    [
      "age_over_18",
    ]: Basic(true),
    [
      "bsn",
    ]: Basic("999997634"),
  },
  "com.example.address": {
    [
      "resident_street",
    ]: Basic("Tsjerkepaed"),
    [
      "resident_house_number",
    ]: Basic("6"),
    [
      "resident_postal_code",
    ]: Basic("9178GN"),
    [
      "resident_city",
    ]: Basic("Wânswert"),
    [
      "resident_country",
    ]: Basic("Nederland"),
  },
}
