---
source: tests_integration/tests/gba_pid_test.rs
description: "BSN: 999991577"
expression: attributes
---
{
  "com.example.pid": {
    [
      "family_name",
    ]: "Bultenaar",
    [
      "given_name",
    ]: "Berend",
    [
      "birth_date",
    ]: "2005-01-23",
    [
      "age_over_18",
    ]: true,
    [
      "bsn",
    ]: "999991577",
  },
  "com.example.address": {
    [
      "resident_street",
    ]: "Oude Haagweg",
    [
      "resident_house_number",
    ]: "575",
    [
      "resident_postal_code",
    ]: "2552GJ",
    [
      "resident_city",
    ]: "\'s-Gravenhage",
    [
      "resident_country",
    ]: "Nederland",
  },
}
