---
source: tests_integration/tests/gba_pid_test.rs
description: "BSN: 999997683"
expression: attributes
---
{
  "com.example.pid": {
    [
      "family_name",
    ]: "Janssen",
    [
      "given_name",
    ]: "Mariëlla",
    [
      "birth_date",
    ]: "1972-10-24",
    [
      "age_over_18",
    ]: true,
    [
      "bsn",
    ]: "999997683",
  },
  "com.example.address": {
    [
      "resident_street",
    ]: "Thorbeckelaan",
    [
      "resident_house_number",
    ]: "16",
    [
      "resident_postal_code",
    ]: "3552CS",
    [
      "resident_city",
    ]: "Utrecht",
    [
      "resident_country",
    ]: "Nederland",
  },
}
