---
source: tests_integration/tests/gba_pid_test.rs
assertion_line: 194
description: "BSN: 999991565"
expression: attributes
---
{
  "com.example.pid": {
    [
      "family_name",
    ]: Basic("Haarlem"),
    [
      "given_name",
    ]: Basic("Joost Jan"),
    [
      "birth_date",
    ]: Date("1945-05-05"),
    [
      "age_over_18",
    ]: Basic(true),
    [
      "bsn",
    ]: Basic("999991565"),
  },
  "com.example.address": {
    [
      "resident_street",
    ]: Basic("Dam"),
    [
      "resident_house_number",
    ]: Basic("1"),
    [
      "resident_postal_code",
    ]: Basic("1012JS"),
    [
      "resident_city",
    ]: Basic("Amsterdam"),
    [
      "resident_country",
    ]: Basic("Nederland"),
  },
}
