---
source: tests_integration/tests/gba_pid_test.rs
assertion_line: 158
description: "BSN: 999992958"
expression: attributes
---
given_name:
  String: Anita
family_name:
  String: van Buren
own_family_name:
  String: van Buren
gender:
  Gender: Female
birth_date:
  Date: 1969-12-15
age_over_18:
  Boolean: true
has_spouse_or_partner:
  Boolean: true
bsn:
  String: "999992958"
resident_street:
  String: Bijlmerplein
resident_house_number:
  String: "550"
resident_postal_code:
  String: 1102DS
resident_city:
  String: Amsterdam
resident_country:
  String: Nederland
