---
source: tests_integration/tests/gba_pid_test.rs
description: "BSN: 999992958"
expression: attributes
---
{
  "com.example.pid": {
    [
      "family_name",
    ]: "van Buren",
    [
      "given_name",
    ]: "Anita",
    [
      "birth_date",
    ]: "1969-12-15",
    [
      "age_over_18",
    ]: true,
    [
      "bsn",
    ]: "999992958",
  },
  "com.example.address": {
    [
      "resident_street",
    ]: "Bijlmerplein",
    [
      "resident_house_number",
    ]: "550",
    [
      "resident_postal_code",
    ]: "1102DS",
    [
      "resident_city",
    ]: "Amsterdam",
    [
      "resident_country",
    ]: "Nederland",
  },
}
